2026-08-01 08:42:13,416 - INFO - Запуск парсера IPTV (без ffprobe)...
2026-08-01 08:42:13,416 - INFO - Загрузка: https://raw.githubusercontent.com/Dimonovich/TV/Dimonovich/FREE/TV
2026-08-01 08:42:13,417 - INFO - Загрузка: https://raw.githubusercontent.com/loganettv/playlists/main/all.m3u
2026-08-01 08:42:13,418 - INFO - Загрузка: https://raw.githubusercontent.com/IPTVRU2026/IPTVMIR/main/IPTV_MEGA_PLAYLIST.m3u
2026-08-01 08:42:14,123 - INFO - Всего каналов до фильтрации: 11981
2026-08-01 08:42:14,521 - INFO - После фильтрации русских каналов: 11253
2026-08-01 08:42:14,638 - INFO - После исключения ключевых слов: 11219
2026-08-01 08:42:15,223 - INFO - Кандидатов после дедупликации: 8319
2026-08-01 08:42:15,224 - INFO - Проверка доступности каналов через HTTP HEAD...
2026-08-01 08:46:21,977 - INFO - Запуск парсера IPTV (без ffprobe)...
2026-08-01 08:46:21,978 - INFO - Загрузка: https://raw.githubusercontent.com/Dimonovich/TV/Dimonovich/FREE/TV
2026-08-01 08:46:21,979 - INFO - Загрузка: https://raw.githubusercontent.com/loganettv/playlists/main/all.m3u
2026-08-01 08:46:21,979 - INFO - Загрузка: https://raw.githubusercontent.com/IPTVRU2026/IPTVMIR/main/IPTV_MEGA_PLAYLIST.m3u
2026-08-01 08:46:22,219 - INFO - Всего каналов до фильтрации: 11981
2026-08-01 08:46:22,585 - INFO - После фильтрации русских каналов: 11253
2026-08-01 08:46:22,701 - INFO - После исключения ключевых слов: 11219
2026-08-01 08:46:23,280 - INFO - Кандидатов после дедупликации: 8319
2026-08-01 08:46:23,280 - INFO - Проверка доступности каналов через HTTP HEAD...
2026-08-01 08:48:58,833 - INFO - После HTTP-проверки осталось: 6478
2026-08-01 08:48:59,078 - INFO -  Готово! Плейлист сохранён в playlist.m3u
2026-08-01 08:48:59,079 - INFO -  Статистика: {'generated': '2026-08-01T08:48:59.078640', 'sources': {'raw': {'loaded': 1, 'parsed': 8040, 'valid': 0}}, 'raw_count': 11981, 'after_filter': 11219, 'after_dedup': 8319, 'after_validation': 6478, 'final_count': 6478, 'duration_seconds': 157.100582}
2026-08-01 08:50:33,540 - INFO - Запуск парсера IPTV (без ffprobe)...
2026-08-01 08:50:33,541 - INFO - Загрузка: https://raw.githubusercontent.com/Dimonovich/TV/Dimonovich/FREE/TV
2026-08-01 08:50:33,542 - INFO - Загрузка: https://raw.githubusercontent.com/loganettv/playlists/main/all.m3u
2026-08-01 08:50:33,542 - INFO - Загрузка: https://raw.githubusercontent.com/IPTVRU2026/IPTVMIR/main/IPTV_MEGA_PLAYLIST.m3u
2026-08-01 08:50:34,103 - INFO - Всего каналов до фильтрации: 11981
2026-08-01 08:50:34,498 - INFO - После фильтрации русских каналов: 11253
2026-08-01 08:50:34,602 - INFO - После исключения ключевых слов: 11219
2026-08-01 08:50:35,184 - INFO - Кандидатов после дедупликации: 8319
2026-08-01 08:50:35,184 - INFO - Проверка доступности каналов через HTTP HEAD...
2026-08-01 08:53:02,832 - INFO - После HTTP-проверки осталось: 6482
2026-08-01 08:53:03,044 - INFO -  Готово! Плейлист сохранён в playlist.m3u
2026-08-01 08:53:03,044 - INFO -  Статистика: {'generated': '2026-08-01T08:53:03.043795', 'sources': {'raw': {'loaded': 1, 'parsed': 8040, 'valid': 0}}, 'raw_count': 11981, 'after_filter': 11219, 'after_dedup': 8319, 'after_validation': 6482, 'final_count': 6482, 'duration_seconds': 149.503103}
2026-08-01 09:02:10,396 - INFO - Запуск парсера IPTV (без ffprobe)...
2026-08-01 09:02:10,397 - INFO - Загрузка: https://raw.githubusercontent.com/Dimonovich/TV/Dimonovich/FREE/TV
2026-08-01 09:02:10,398 - INFO - Загрузка: https://raw.githubusercontent.com/loganettv/playlists/main/all.m3u
2026-08-01 09:02:10,399 - INFO - Загрузка: https://raw.githubusercontent.com/IPTVRU2026/IPTVMIR/main/IPTV_MEGA_PLAYLIST.m3u
2026-08-01 09:02:11,276 - INFO - Всего каналов до фильтрации: 11982
2026-08-01 09:02:11,665 - INFO - После фильтрации русских каналов: 11253
2026-08-01 09:02:11,798 - INFO - После исключения ключевых слов: 11219
2026-08-01 09:02:12,460 - INFO - Кандидатов после дедупликации: 8319
2026-08-01 09:02:12,475 - INFO - После удаления дублей по URL: 8038
2026-08-01 09:02:12,475 - INFO - Проверка доступности каналов через HTTP HEAD...
2026-08-01 09:04:32,832 - INFO - После HTTP-проверки осталось: 6185
2026-08-01 09:04:33,081 - INFO -  Готово! Плейлист сохранён в playlist.m3u
2026-08-01 09:04:33,081 - INFO -  Статистика: {'generated': '2026-08-01T09:04:33.081072', 'sources': {'raw': {'loaded': 1, 'parsed': 8040, 'valid': 0}}, 'raw_count': 11982, 'after_filter': 11219, 'after_dedup': 8038, 'after_validation': 6185, 'final_count': 6185, 'duration_seconds': 142.684361}
2026-08-01 09:04:59,736 - INFO - Запуск парсера IPTV (без ffprobe)...
2026-08-01 09:04:59,736 - INFO - Загрузка: https://raw.githubusercontent.com/Dimonovich/TV/Dimonovich/FREE/TV
2026-08-01 09:04:59,738 - INFO - Загрузка: https://raw.githubusercontent.com/loganettv/playlists/main/all.m3u
2026-08-01 09:04:59,738 - INFO - Загрузка: https://raw.githubusercontent.com/IPTVRU2026/IPTVMIR/main/IPTV_MEGA_PLAYLIST.m3u
2026-08-01 09:04:59,999 - INFO - Всего каналов до фильтрации: 11982
2026-08-01 09:05:00,543 - INFO - После фильтрации русских каналов: 9304
2026-08-01 09:05:00,579 - INFO - После исключения ключевых слов: 9301
2026-08-01 09:05:00,722 - INFO - Кандидатов после дедупликации: 5660
2026-08-01 09:05:00,735 - INFO - После удаления дублей по URL: 5545
2026-08-01 09:05:00,735 - INFO - Проверка доступности каналов через HTTP HEAD...
2026-08-01 09:06:30,833 - INFO - После HTTP-проверки осталось: 4346
2026-08-01 09:06:30,923 - INFO -  Готово! Плейлист сохранён в playlist.m3u
2026-08-01 09:06:30,923 - INFO -  Статистика: {'generated': '2026-08-01T09:06:30.923478', 'sources': {'raw': {'loaded': 1, 'parsed': 8040, 'valid': 0}}, 'raw_count': 11982, 'after_filter': 9301, 'after_dedup': 5545, 'after_validation': 4346, 'final_count': 4346, 'duration_seconds': 91.187001}
2026-08-01 09:14:25,419 - INFO - Запуск парсера IPTV (без ffprobe)...
2026-08-01 09:14:25,419 - INFO - Загрузка: https://raw.githubusercontent.com/Dimonovich/TV/Dimonovich/FREE/TV
2026-08-01 09:14:25,421 - INFO - Загрузка: https://raw.githubusercontent.com/loganettv/playlists/main/all.m3u
2026-08-01 09:14:25,421 - INFO - Загрузка: https://raw.githubusercontent.com/IPTVRU2026/IPTVMIR/main/IPTV_MEGA_PLAYLIST.m3u
2026-08-01 09:14:25,999 - INFO - Всего каналов до фильтрации: 11954
2026-08-01 09:14:26,540 - INFO - После фильтрации русских каналов: 9276
2026-08-01 09:14:26,564 - INFO - После исключения ключевых слов: 9273
2026-08-01 09:14:26,701 - INFO - Кандидатов после дедупликации: 5633
2026-08-01 09:14:26,704 - INFO - После удаления дублей по URL: 5518
2026-08-01 09:14:26,704 - INFO - Проверка доступности каналов через HTTP HEAD...
